

================================================================
== Vitis HLS Report for 'forward_node1'
================================================================
* Date:           Wed Jun 14 16:04:39 2023

* Version:        2022.2 (Build 3670227 on Oct 13 2022)
* Project:        cemit_replaced
* Solution:       solution (Vitis Kernel Flow Target)
* Product family: virtexuplus
* Target device:  xcu280-fsvh2892-2L-e


================================================================
== Performance Estimates
================================================================
+ Timing: 
    * Summary: 
    +--------+---------+----------+------------+
    |  Clock |  Target | Estimated| Uncertainty|
    +--------+---------+----------+------------+
    |ap_clk  |  3.33 ns|  2.433 ns|     0.90 ns|
    +--------+---------+----------+------------+

+ Latency: 
    * Summary: 
    +---------+---------+----------+----------+-----+-----+----------+
    |  Latency (cycles) |  Latency (absolute) |  Interval | Pipeline |
    |   min   |   max   |    min   |    max   | min | max |   Type   |
    +---------+---------+----------+----------+-----+-----+----------+
    |        ?|        ?|         ?|         ?|    ?|    ?|  dataflow|
    +---------+---------+----------+----------+-----+-----+----------+

    + Detail: 
        * Instance: 
        N/A

        * Loop: 
        N/A

============================================================
+ Verbose Summary: Synthesis Manager
============================================================
InlineROM: 1
ExposeGlobal: 0
============================================================
+ Verbose Summary: CDFG Model
============================================================
IsTopModel: 0
ResetActiveHigh: 1
IsCombinational: 2
IsDatapathOnly: 0
HasWiredReturn: 1
HasMFsm: 0
HasVarLatency: 1
IsPipeline: 0
IsRtlPipelined: 0
IsInstanceOverlapped: 0
IsDontTouch: 0
HasImplIP: 0
IsGatedGlobalClock: 0


============================================================
+ Verbose Summary: Schedule
============================================================
* Number of FSM states : 10
* Pipeline : 0
* Dataflow Pipeline: 1
  DF-Pipeline-0: Size = 10, States = { 1 2 3 4 5 6 7 8 9 10 }

* FSM state transitions: 
1 --> 2 
2 --> 3 
3 --> 4 
4 --> 5 
5 --> 6 
6 --> 7 
7 --> 8 
8 --> 9 
9 --> 10 
10 --> 

* FSM state operations: 

State 1 <SV = 0> <Delay = 2.43>
ST_1 : Operation 11 [1/1] (0.00ns)   --->   "%v10_read = read i64 @_ssdm_op_Read.ap_auto.i64, i64 %v10"   --->   Operation 11 'read' 'v10_read' <Predicate = true> <Delay = 0.00>
ST_1 : Operation 12 [1/1] (0.00ns)   --->   "%l_strA = alloca i64 1" [/mnt/shared/home/tz32/scalehls_vitis_test/src/cemit_replaced.cpp:54]   --->   Operation 12 'alloca' 'l_strA' <Predicate = true> <Delay = 0.00> <CoreInst = "FIFO_SRL">   --->   Core 81 'FIFO_SRL' <Latency = 0> <II = 1> <Delay = 1.40> <Storage> <Opcode : 'read' 'write' 'nbread' 'nbwrite'> <Ports = 0> <Width = 64> <Depth = 2> <FIFO>
ST_1 : Operation 13 [1/1] (0.00ns)   --->   "%l_strB = alloca i64 1" [/mnt/shared/home/tz32/scalehls_vitis_test/src/cemit_replaced.cpp:55]   --->   Operation 13 'alloca' 'l_strB' <Predicate = true> <Delay = 0.00> <CoreInst = "FIFO_SRL">   --->   Core 81 'FIFO_SRL' <Latency = 0> <II = 1> <Delay = 1.40> <Storage> <Opcode : 'read' 'write' 'nbread' 'nbwrite'> <Ports = 0> <Width = 64> <Depth = 2> <FIFO>
ST_1 : Operation 14 [1/1] (0.00ns)   --->   "%l_strC = alloca i64 1" [/mnt/shared/home/tz32/scalehls_vitis_test/src/cemit_replaced.cpp:56]   --->   Operation 14 'alloca' 'l_strC' <Predicate = true> <Delay = 0.00> <CoreInst = "FIFO_SRL">   --->   Core 81 'FIFO_SRL' <Latency = 0> <II = 1> <Delay = 1.40> <Storage> <Opcode : 'read' 'write' 'nbread' 'nbwrite'> <Ports = 0> <Width = 64> <Depth = 2> <FIFO>
ST_1 : Operation 15 [1/1] (0.00ns)   --->   "%l_strSum = alloca i64 1" [/mnt/shared/home/tz32/scalehls_vitis_test/src/cemit_replaced.cpp:57]   --->   Operation 15 'alloca' 'l_strSum' <Predicate = true> <Delay = 0.00> <CoreInst = "FIFO_SRL">   --->   Core 81 'FIFO_SRL' <Latency = 0> <II = 1> <Delay = 1.40> <Storage> <Opcode : 'read' 'write' 'nbread' 'nbwrite'> <Ports = 0> <Width = 64> <Depth = 2> <FIFO>
ST_1 : Operation 16 [1/1] (0.00ns)   --->   "%p_A = alloca i64 1" [/mnt/shared/home/tz32/scalehls_vitis_test/src/cemit_replaced.cpp:49]   --->   Operation 16 'alloca' 'p_A' <Predicate = true> <Delay = 0.00>
ST_1 : Operation 17 [1/1] (0.00ns)   --->   "%p_B = alloca i64 1"   --->   Operation 17 'alloca' 'p_B' <Predicate = true> <Delay = 0.00>
ST_1 : Operation 18 [1/1] (0.00ns)   --->   "%p_R = alloca i64 1" [/mnt/shared/home/tz32/scalehls_vitis_test/src/cemit_replaced.cpp:52]   --->   Operation 18 'alloca' 'p_R' <Predicate = true> <Delay = 0.00>
ST_1 : Operation 19 [2/2] (2.43ns)   --->   "%call_ln0 = call void @forward_node1_Loop_VITIS_LOOP_60_1_proc, i64 %v10_read, i64 %gmem, i32 %p_B"   --->   Operation 19 'call' 'call_ln0' <Predicate = true> <Delay = 2.43> <CoreType = "Generic">   --->   Core 0 '' <Latency = 0> <II = 1> <Delay = 1.00> <Generic> <Opcode : >
ST_1 : Operation 20 [2/2] (0.00ns)   --->   "%call_ln0 = call void @forward_node1_Loop_VITIS_LOOP_66_3_proc, i32 %p_A, i32 %v11"   --->   Operation 20 'call' 'call_ln0' <Predicate = true> <Delay = 0.00> <CoreType = "Generic">   --->   Core 0 '' <Latency = 0> <II = 1> <Delay = 1.00> <Generic> <Opcode : >
ST_1 : Operation 21 [2/2] (0.00ns)   --->   "%call_ln127 = call void @readVec2Stream<float, 2u>, i64 %l_strC" [/mnt/shared/home/tz32/scalehls_vitis_test/src/cemit_replaced.cpp:127]   --->   Operation 21 'call' 'call_ln127' <Predicate = true> <Delay = 0.00> <CoreType = "Generic">   --->   Core 0 '' <Latency = 0> <II = 1> <Delay = 1.00> <Generic> <Opcode : >

State 2 <SV = 1> <Delay = 0.00>
ST_2 : Operation 22 [1/2] (0.00ns)   --->   "%call_ln0 = call void @forward_node1_Loop_VITIS_LOOP_60_1_proc, i64 %v10_read, i64 %gmem, i32 %p_B"   --->   Operation 22 'call' 'call_ln0' <Predicate = true> <Delay = 0.00> <CoreType = "Generic">   --->   Core 0 '' <Latency = 0> <II = 1> <Delay = 1.00> <Generic> <Opcode : >
ST_2 : Operation 23 [1/2] (0.00ns)   --->   "%call_ln0 = call void @forward_node1_Loop_VITIS_LOOP_66_3_proc, i32 %p_A, i32 %v11"   --->   Operation 23 'call' 'call_ln0' <Predicate = true> <Delay = 0.00> <CoreType = "Generic">   --->   Core 0 '' <Latency = 0> <II = 1> <Delay = 1.00> <Generic> <Opcode : >
ST_2 : Operation 24 [1/2] (0.00ns)   --->   "%call_ln127 = call void @readVec2Stream<float, 2u>, i64 %l_strC" [/mnt/shared/home/tz32/scalehls_vitis_test/src/cemit_replaced.cpp:127]   --->   Operation 24 'call' 'call_ln127' <Predicate = true> <Delay = 0.00> <CoreType = "Generic">   --->   Core 0 '' <Latency = 0> <II = 1> <Delay = 1.00> <Generic> <Opcode : >

State 3 <SV = 2> <Delay = 0.00>
ST_3 : Operation 25 [2/2] (0.00ns)   --->   "%call_ln125 = call void @gemmMatAMover<float, 2u, 2u>, i32 %p_A, i64 %l_strA" [/mnt/shared/home/tz32/scalehls_vitis_test/src/cemit_replaced.cpp:125]   --->   Operation 25 'call' 'call_ln125' <Predicate = true> <Delay = 0.00> <CoreType = "Generic">   --->   Core 0 '' <Latency = 0> <II = 1> <Delay = 1.00> <Generic> <Opcode : >
ST_3 : Operation 26 [2/2] (0.00ns)   --->   "%call_ln126 = call void @gemmMatBMover<float, 2u, 2u>, i32 %p_B, i64 %l_strB" [/mnt/shared/home/tz32/scalehls_vitis_test/src/cemit_replaced.cpp:126]   --->   Operation 26 'call' 'call_ln126' <Predicate = true> <Delay = 0.00> <CoreType = "Generic">   --->   Core 0 '' <Latency = 0> <II = 1> <Delay = 1.00> <Generic> <Opcode : >

State 4 <SV = 3> <Delay = 0.00>
ST_4 : Operation 27 [1/2] (0.00ns)   --->   "%call_ln125 = call void @gemmMatAMover<float, 2u, 2u>, i32 %p_A, i64 %l_strA" [/mnt/shared/home/tz32/scalehls_vitis_test/src/cemit_replaced.cpp:125]   --->   Operation 27 'call' 'call_ln125' <Predicate = true> <Delay = 0.00> <CoreType = "Generic">   --->   Core 0 '' <Latency = 0> <II = 1> <Delay = 1.00> <Generic> <Opcode : >
ST_4 : Operation 28 [1/2] (0.00ns)   --->   "%call_ln126 = call void @gemmMatBMover<float, 2u, 2u>, i32 %p_B, i64 %l_strB" [/mnt/shared/home/tz32/scalehls_vitis_test/src/cemit_replaced.cpp:126]   --->   Operation 28 'call' 'call_ln126' <Predicate = true> <Delay = 0.00> <CoreType = "Generic">   --->   Core 0 '' <Latency = 0> <II = 1> <Delay = 1.00> <Generic> <Opcode : >

State 5 <SV = 4> <Delay = 0.00>
ST_5 : Operation 29 [2/2] (0.00ns)   --->   "%call_ln128 = call void @gemm<float, 1024u, 2u, 10u, unsigned int>, i64 %l_strA, i64 %l_strB, i64 %l_strC, i64 %l_strSum" [/mnt/shared/home/tz32/scalehls_vitis_test/src/cemit_replaced.cpp:128]   --->   Operation 29 'call' 'call_ln128' <Predicate = true> <Delay = 0.00> <CoreType = "Generic">   --->   Core 0 '' <Latency = 0> <II = 1> <Delay = 1.00> <Generic> <Opcode : >

State 6 <SV = 5> <Delay = 0.00>
ST_6 : Operation 30 [1/2] (0.00ns)   --->   "%call_ln128 = call void @gemm<float, 1024u, 2u, 10u, unsigned int>, i64 %l_strA, i64 %l_strB, i64 %l_strC, i64 %l_strSum" [/mnt/shared/home/tz32/scalehls_vitis_test/src/cemit_replaced.cpp:128]   --->   Operation 30 'call' 'call_ln128' <Predicate = true> <Delay = 0.00> <CoreType = "Generic">   --->   Core 0 '' <Latency = 0> <II = 1> <Delay = 1.00> <Generic> <Opcode : >

State 7 <SV = 6> <Delay = 0.00>
ST_7 : Operation 31 [2/2] (0.00ns)   --->   "%call_ln130 = call void @writeStream2Vec<float, 2u>, i64 %l_strSum, i32 %p_R" [/mnt/shared/home/tz32/scalehls_vitis_test/src/cemit_replaced.cpp:130]   --->   Operation 31 'call' 'call_ln130' <Predicate = true> <Delay = 0.00> <CoreType = "Generic">   --->   Core 0 '' <Latency = 0> <II = 1> <Delay = 1.00> <Generic> <Opcode : >

State 8 <SV = 7> <Delay = 0.00>
ST_8 : Operation 32 [1/2] (0.00ns)   --->   "%call_ln130 = call void @writeStream2Vec<float, 2u>, i64 %l_strSum, i32 %p_R" [/mnt/shared/home/tz32/scalehls_vitis_test/src/cemit_replaced.cpp:130]   --->   Operation 32 'call' 'call_ln130' <Predicate = true> <Delay = 0.00> <CoreType = "Generic">   --->   Core 0 '' <Latency = 0> <II = 1> <Delay = 1.00> <Generic> <Opcode : >

State 9 <SV = 8> <Delay = 0.00>
ST_9 : Operation 33 [2/2] (0.00ns)   --->   "%call_ln0 = call void @forward_node1_Loop_VITIS_LOOP_134_4_proc, i32 %p_R, i32 %v12"   --->   Operation 33 'call' 'call_ln0' <Predicate = true> <Delay = 0.00> <CoreType = "Generic">   --->   Core 0 '' <Latency = 0> <II = 1> <Delay = 1.00> <Generic> <Opcode : >

State 10 <SV = 9> <Delay = 0.00>
ST_10 : Operation 34 [1/1] (0.00ns)   --->   "%specdataflowpipeline_ln124 = specdataflowpipeline void @_ssdm_op_SpecDataflowPipeline, i32 4294967295, i32 0, void @empty_33" [/mnt/shared/home/tz32/scalehls_vitis_test/src/cemit_replaced.cpp:124]   --->   Operation 34 'specdataflowpipeline' 'specdataflowpipeline_ln124' <Predicate = true> <Delay = 0.00>
ST_10 : Operation 35 [1/1] (0.00ns)   --->   "%specmemcore_ln0 = specmemcore void @_ssdm_op_SpecMemCore, i32 %v12, i64 666, i64 30, i64 18446744073709551615"   --->   Operation 35 'specmemcore' 'specmemcore_ln0' <Predicate = true> <Delay = 0.00>
ST_10 : Operation 36 [1/1] (0.00ns)   --->   "%specmemcore_ln0 = specmemcore void @_ssdm_op_SpecMemCore, i32 %v11, i64 666, i64 30, i64 18446744073709551615"   --->   Operation 36 'specmemcore' 'specmemcore_ln0' <Predicate = true> <Delay = 0.00>
ST_10 : Operation 37 [1/1] (0.00ns)   --->   "%specinterface_ln0 = specinterface void @_ssdm_op_SpecInterface, i64 %gmem, void @empty_34, i32 0, i32 0, void @empty_33, i32 64, i32 0, void @empty_32, void @empty_31, void @empty_33, i32 16, i32 16, i32 16, i32 16, void @empty_33, void @empty_33, i32 4294967295, i32 0"   --->   Operation 37 'specinterface' 'specinterface_ln0' <Predicate = true> <Delay = 0.00>
ST_10 : Operation 38 [1/1] (0.00ns)   --->   "%empty = specchannel i32 @_ssdm_op_SpecChannel, void @l_strA_str, i32 1, void @p_str, void @p_str, i32 2, i32 2, i64 %l_strA, i64 %l_strA"   --->   Operation 38 'specchannel' 'empty' <Predicate = true> <Delay = 0.00>
ST_10 : Operation 39 [1/1] (0.00ns)   --->   "%specinterface_ln0 = specinterface void @_ssdm_op_SpecInterface, i64 %l_strA, void @empty_23, i32 0, i32 0, void @empty_33, i32 0, i32 0, void @empty_33, void @empty_33, void @empty_33, i32 0, i32 0, i32 0, i32 0, void @empty_33, void @empty_33, i32 4294967295, i32 0"   --->   Operation 39 'specinterface' 'specinterface_ln0' <Predicate = true> <Delay = 0.00>
ST_10 : Operation 40 [1/1] (0.00ns)   --->   "%empty_70 = specchannel i32 @_ssdm_op_SpecChannel, void @l_strB_str, i32 1, void @p_str, void @p_str, i32 2, i32 2, i64 %l_strB, i64 %l_strB"   --->   Operation 40 'specchannel' 'empty_70' <Predicate = true> <Delay = 0.00>
ST_10 : Operation 41 [1/1] (0.00ns)   --->   "%specinterface_ln0 = specinterface void @_ssdm_op_SpecInterface, i64 %l_strB, void @empty_23, i32 0, i32 0, void @empty_33, i32 0, i32 0, void @empty_33, void @empty_33, void @empty_33, i32 0, i32 0, i32 0, i32 0, void @empty_33, void @empty_33, i32 4294967295, i32 0"   --->   Operation 41 'specinterface' 'specinterface_ln0' <Predicate = true> <Delay = 0.00>
ST_10 : Operation 42 [1/1] (0.00ns)   --->   "%empty_71 = specchannel i32 @_ssdm_op_SpecChannel, void @l_strC_str, i32 1, void @p_str, void @p_str, i32 2, i32 2, i64 %l_strC, i64 %l_strC"   --->   Operation 42 'specchannel' 'empty_71' <Predicate = true> <Delay = 0.00>
ST_10 : Operation 43 [1/1] (0.00ns)   --->   "%specinterface_ln0 = specinterface void @_ssdm_op_SpecInterface, i64 %l_strC, void @empty_23, i32 0, i32 0, void @empty_33, i32 0, i32 0, void @empty_33, void @empty_33, void @empty_33, i32 0, i32 0, i32 0, i32 0, void @empty_33, void @empty_33, i32 4294967295, i32 0"   --->   Operation 43 'specinterface' 'specinterface_ln0' <Predicate = true> <Delay = 0.00>
ST_10 : Operation 44 [1/1] (0.00ns)   --->   "%empty_72 = specchannel i32 @_ssdm_op_SpecChannel, void @l_strSum_str, i32 1, void @p_str, void @p_str, i32 2, i32 2, i64 %l_strSum, i64 %l_strSum"   --->   Operation 44 'specchannel' 'empty_72' <Predicate = true> <Delay = 0.00>
ST_10 : Operation 45 [1/1] (0.00ns)   --->   "%specinterface_ln0 = specinterface void @_ssdm_op_SpecInterface, i64 %l_strSum, void @empty_23, i32 0, i32 0, void @empty_33, i32 0, i32 0, void @empty_33, void @empty_33, void @empty_33, i32 0, i32 0, i32 0, i32 0, void @empty_33, void @empty_33, i32 4294967295, i32 0"   --->   Operation 45 'specinterface' 'specinterface_ln0' <Predicate = true> <Delay = 0.00>
ST_10 : Operation 46 [1/2] (0.00ns)   --->   "%call_ln0 = call void @forward_node1_Loop_VITIS_LOOP_134_4_proc, i32 %p_R, i32 %v12"   --->   Operation 46 'call' 'call_ln0' <Predicate = true> <Delay = 0.00> <CoreType = "Generic">   --->   Core 0 '' <Latency = 0> <II = 1> <Delay = 1.00> <Generic> <Opcode : >
ST_10 : Operation 47 [1/1] (0.00ns)   --->   "%ret_ln138 = ret" [/mnt/shared/home/tz32/scalehls_vitis_test/src/cemit_replaced.cpp:138]   --->   Operation 47 'ret' 'ret_ln138' <Predicate = true> <Delay = 0.00>


============================================================
+ Verbose Summary: Timing violations
============================================================
Target clock period: 3.33ns, clock uncertainty: 0.9ns.

 <State 1>: 2.43ns
The critical path consists of the following:
	wire read operation ('v10_read') on port 'v10' [9]  (0 ns)
	'call' operation ('call_ln0') to 'forward_node1_Loop_VITIS_LOOP_60_1_proc' [25]  (2.43 ns)

 <State 2>: 0ns
The critical path consists of the following:

 <State 3>: 0ns
The critical path consists of the following:

 <State 4>: 0ns
The critical path consists of the following:

 <State 5>: 0ns
The critical path consists of the following:

 <State 6>: 0ns
The critical path consists of the following:

 <State 7>: 0ns
The critical path consists of the following:

 <State 8>: 0ns
The critical path consists of the following:

 <State 9>: 0ns
The critical path consists of the following:

 <State 10>: 0ns
The critical path consists of the following:


============================================================
+ Verbose Summary: Binding
============================================================
N/A
* FSMD analyzer results:
  - Output states:
 - Input state : 
  - Chain level:
	State 1
	State 2
	State 3
	State 4
	State 5
	State 6
	State 7
	State 8
	State 9
	State 10


============================================================
+ Verbose Summary: Datapath Resource usage 
============================================================
N/A
