

================================================================
== Vitis HLS Report for 'gemm_float_1024u_2u_10u_unsigned_int_s'
================================================================
* Date:           Wed Jun 14 16:04:47 2023

* Version:        2022.2 (Build 3670227 on Oct 13 2022)
* Project:        cemit_replaced
* Solution:       solution (Vitis Kernel Flow Target)
* Product family: virtexuplus
* Target device:  xcu280-fsvh2892-2L-e


================================================================
== Performance Estimates
================================================================
+ Timing: 
    * Summary: 
    +--------+---------+----------+------------+
    |  Clock |  Target | Estimated| Uncertainty|
    +--------+---------+----------+------------+
    |ap_clk  |  3.33 ns|  2.433 ns|     0.90 ns|
    +--------+---------+----------+------------+

+ Latency: 
    * Summary: 
    +---------+---------+----------+----------+-----+-----+----------+
    |  Latency (cycles) |  Latency (absolute) |  Interval | Pipeline |
    |   min   |   max   |    min   |    max   | min | max |   Type   |
    +---------+---------+----------+----------+-----+-----+----------+
    |        ?|        ?|         ?|         ?|    ?|    ?|  dataflow|
    +---------+---------+----------+----------+-----+-----+----------+

    + Detail: 
        * Instance: 
        +--------------------------------+-------------------------------+---------+---------+-----------+-----------+-----+-----+----------+
        |                                |                               |  Latency (cycles) |   Latency (absolute)  |  Interval | Pipeline |
        |            Instance            |             Module            |   min   |   max   |    min    |    max    | min | max |   Type   |
        +--------------------------------+-------------------------------+---------+---------+-----------+-----------+-----+-----+----------+
        |gemm_U0                         |gemm                           |        ?|        ?|          ?|          ?|    ?|    ?|  dataflow|
        |scal_float_2u_unsigned_int_U0   |scal_float_2u_unsigned_int_s   |       16|       16|  53.328 ns|  53.328 ns|   16|   16|        no|
        |gemmBufferC_float_2u_2u_10u_U0  |gemmBufferC_float_2u_2u_10u_s  |       28|       28|  93.324 ns|  93.324 ns|   28|   28|        no|
        |axpy_float_2u_unsigned_int_U0   |axpy_float_2u_unsigned_int_s   |       20|       20|  66.660 ns|  66.660 ns|   20|   20|        no|
        +--------------------------------+-------------------------------+---------+---------+-----------+-----------+-----+-----+----------+

        * Loop: 
        N/A



================================================================
== Utilization Estimates
================================================================
* Summary: 
+---------------------+---------+------+---------+---------+-----+
|         Name        | BRAM_18K|  DSP |    FF   |   LUT   | URAM|
+---------------------+---------+------+---------+---------+-----+
|DSP                  |        -|     -|        -|        -|    -|
|Expression           |        -|     -|        0|       12|    -|
|FIFO                 |        -|     -|      399|      219|    -|
|Instance             |        0|    30|     8045|     7253|    0|
|Memory               |        -|     -|        -|        -|    -|
|Multiplexer          |        -|     -|        -|       27|    -|
|Register             |        -|     -|        3|        -|    -|
+---------------------+---------+------+---------+---------+-----+
|Total                |        0|    30|     8447|     7511|    0|
+---------------------+---------+------+---------+---------+-----+
|Available SLR        |     1344|  3008|   869120|   434560|  320|
+---------------------+---------+------+---------+---------+-----+
|Utilization SLR (%)  |        0|    ~0|       ~0|        1|    0|
+---------------------+---------+------+---------+---------+-----+
|Available            |     4032|  9024|  2607360|  1303680|  960|
+---------------------+---------+------+---------+---------+-----+
|Utilization (%)      |        0|    ~0|       ~0|       ~0|    0|
+---------------------+---------+------+---------+---------+-----+

+ Detail: 
    * Instance: 
    +--------------------------------+-------------------------------+---------+----+------+------+-----+
    |            Instance            |             Module            | BRAM_18K| DSP|  FF  |  LUT | URAM|
    +--------------------------------+-------------------------------+---------+----+------+------+-----+
    |axpy_float_2u_unsigned_int_U0   |axpy_float_2u_unsigned_int_s   |        0|   4|   851|   488|    0|
    |gemm_U0                         |gemm                           |        0|  20|  6673|  6117|    0|
    |gemmBufferC_float_2u_2u_10u_U0  |gemmBufferC_float_2u_2u_10u_s  |        0|   0|    91|   400|    0|
    |scal_float_2u_unsigned_int_U0   |scal_float_2u_unsigned_int_s   |        0|   6|   430|   248|    0|
    +--------------------------------+-------------------------------+---------+----+------+------+-----+
    |Total                           |                               |        0|  30|  8045|  7253|    0|
    +--------------------------------+-------------------------------+---------+----+------+------+-----+

    * DSP: 
    N/A

    * Memory: 
    N/A

    * FIFO: 
    +-----------+---------+-----+----+-----+------+-----+---------+
    |    Name   | BRAM_18K|  FF | LUT| URAM| Depth| Bits| Size:D*B|
    +-----------+---------+-----+----+-----+------+-----+---------+
    |l_betaC_U  |        0|  133|   0|    -|     2|   64|      128|
    |l_mat_U    |        0|  133|   0|    -|     2|   64|      128|
    |l_sum_U    |        0|  133|   0|    -|     2|   64|      128|
    +-----------+---------+-----+----+-----+------+-----+---------+
    |Total      |        0|  399|   0|    0|     6|  192|      384|
    +-----------+---------+-----+----+-----+------+-----+---------+

    * Expression: 
    +------------------------------------------------+----------+----+---+----+------------+------------+
    |                  Variable Name                 | Operation| DSP| FF| LUT| Bitwidth P0| Bitwidth P1|
    +------------------------------------------------+----------+----+---+----+------------+------------+
    |ap_idle                                         |       and|   0|  0|   2|           1|           1|
    |ap_sync_ready                                   |       and|   0|  0|   2|           1|           1|
    |gemm_U0_ap_start                                |       and|   0|  0|   2|           1|           1|
    |scal_float_2u_unsigned_int_U0_ap_start          |       and|   0|  0|   2|           1|           1|
    |ap_sync_gemm_U0_ap_ready                        |        or|   0|  0|   2|           1|           1|
    |ap_sync_scal_float_2u_unsigned_int_U0_ap_ready  |        or|   0|  0|   2|           1|           1|
    +------------------------------------------------+----------+----+---+----+------------+------------+
    |Total                                           |          |   0|  0|  12|           6|           6|
    +------------------------------------------------+----------+----+---+----+------------+------------+

    * Multiplexer: 
    +----------------------------------------------------+----+-----------+-----+-----------+
    |                        Name                        | LUT| Input Size| Bits| Total Bits|
    +----------------------------------------------------+----+-----------+-----+-----------+
    |ap_sync_reg_gemm_U0_ap_ready                        |   9|          2|    1|          2|
    |ap_sync_reg_scal_float_2u_unsigned_int_U0_ap_ready  |   9|          2|    1|          2|
    |real_start                                          |   9|          2|    1|          2|
    +----------------------------------------------------+----+-----------+-----+-----------+
    |Total                                               |  27|          6|    3|          6|
    +----------------------------------------------------+----+-----------+-----+-----------+

    * Register: 
    +----------------------------------------------------+---+----+-----+-----------+
    |                        Name                        | FF| LUT| Bits| Const Bits|
    +----------------------------------------------------+---+----+-----+-----------+
    |ap_sync_reg_gemm_U0_ap_ready                        |  1|   0|    1|          0|
    |ap_sync_reg_scal_float_2u_unsigned_int_U0_ap_ready  |  1|   0|    1|          0|
    |start_once_reg                                      |  1|   0|    1|          0|
    +----------------------------------------------------+---+----+-----+-----------+
    |Total                                               |  3|   0|    3|          0|
    +----------------------------------------------------+---+----+-----+-----------+



================================================================
== Interface
================================================================
* Summary: 
+-------------------+-----+-----+------------+-------------------------------------------+--------------+
|     RTL Ports     | Dir | Bits|  Protocol  |               Source Object               |    C Type    |
+-------------------+-----+-----+------------+-------------------------------------------+--------------+
|ap_start           |   in|    1|  ap_ctrl_hs|  gemm<float, 1024u, 2u, 10u, unsigned int>|  return value|
|start_full_n       |   in|    1|  ap_ctrl_hs|  gemm<float, 1024u, 2u, 10u, unsigned int>|  return value|
|start_out          |  out|    1|  ap_ctrl_hs|  gemm<float, 1024u, 2u, 10u, unsigned int>|  return value|
|start_write        |  out|    1|  ap_ctrl_hs|  gemm<float, 1024u, 2u, 10u, unsigned int>|  return value|
|ap_clk             |   in|    1|  ap_ctrl_hs|  gemm<float, 1024u, 2u, 10u, unsigned int>|  return value|
|ap_rst             |   in|    1|  ap_ctrl_hs|  gemm<float, 1024u, 2u, 10u, unsigned int>|  return value|
|ap_done            |  out|    1|  ap_ctrl_hs|  gemm<float, 1024u, 2u, 10u, unsigned int>|  return value|
|ap_ready           |  out|    1|  ap_ctrl_hs|  gemm<float, 1024u, 2u, 10u, unsigned int>|  return value|
|ap_idle            |  out|    1|  ap_ctrl_hs|  gemm<float, 1024u, 2u, 10u, unsigned int>|  return value|
|ap_continue        |   in|    1|  ap_ctrl_hs|  gemm<float, 1024u, 2u, 10u, unsigned int>|  return value|
|l_strA7_dout       |   in|   64|     ap_fifo|                                    l_strA7|       pointer|
|l_strA7_empty_n    |   in|    1|     ap_fifo|                                    l_strA7|       pointer|
|l_strA7_read       |  out|    1|     ap_fifo|                                    l_strA7|       pointer|
|l_strB8_dout       |   in|   64|     ap_fifo|                                    l_strB8|       pointer|
|l_strB8_empty_n    |   in|    1|     ap_fifo|                                    l_strB8|       pointer|
|l_strB8_read       |  out|    1|     ap_fifo|                                    l_strB8|       pointer|
|l_strC9_dout       |   in|   64|     ap_fifo|                                    l_strC9|       pointer|
|l_strC9_empty_n    |   in|    1|     ap_fifo|                                    l_strC9|       pointer|
|l_strC9_read       |  out|    1|     ap_fifo|                                    l_strC9|       pointer|
|l_strSum10_din     |  out|   64|     ap_fifo|                                 l_strSum10|       pointer|
|l_strSum10_full_n  |   in|    1|     ap_fifo|                                 l_strSum10|       pointer|
|l_strSum10_write   |  out|    1|     ap_fifo|                                 l_strSum10|       pointer|
+-------------------+-----+-----+------------+-------------------------------------------+--------------+

