

================================================================
== Vitis HLS Report for 'macs_1'
================================================================
* Date:           Wed Jun 14 16:04:45 2023

* Version:        2022.2 (Build 3670227 on Oct 13 2022)
* Project:        cemit_replaced
* Solution:       solution (Vitis Kernel Flow Target)
* Product family: virtexuplus
* Target device:  xcu280-fsvh2892-2L-e


================================================================
== Performance Estimates
================================================================
+ Timing: 
    * Summary: 
    +--------+---------+----------+------------+
    |  Clock |  Target | Estimated| Uncertainty|
    +--------+---------+----------+------------+
    |ap_clk  |  3.33 ns|  2.342 ns|     0.90 ns|
    +--------+---------+----------+------------+

+ Latency: 
    * Summary: 
    +---------+---------+----------+----------+-----+-----+----------+
    |  Latency (cycles) |  Latency (absolute) |  Interval | Pipeline |
    |   min   |   max   |    min   |    max   | min | max |   Type   |
    +---------+---------+----------+----------+-----+-----+----------+
    |        ?|        ?|         ?|         ?|    ?|    ?|  dataflow|
    +---------+---------+----------+----------+-----+-----+----------+

    + Detail: 
        * Instance: 
        +-----------+--------+---------+---------+-----------+-----------+------+------+---------+
        |           |        |  Latency (cycles) |   Latency (absolute)  |   Interval  | Pipeline|
        |  Instance | Module |   min   |   max   |    min    |    max    |  min |  max |   Type  |
        +-----------+--------+---------+---------+-----------+-----------+------+------+---------+
        |muls_2_U0  |muls_2  |        ?|        ?|          ?|          ?|     ?|     ?|       no|
        |adds_3_U0  |adds_3  |     5148|     5148|  17.158 us|  17.158 us|  5148|  5148|       no|
        +-----------+--------+---------+---------+-----------+-----------+------+------+---------+

        * Loop: 
        N/A



================================================================
== Utilization Estimates
================================================================
* Summary: 
+---------------------+---------+------+---------+---------+-----+
|         Name        | BRAM_18K|  DSP |    FF   |   LUT   | URAM|
+---------------------+---------+------+---------+---------+-----+
|DSP                  |        -|     -|        -|        -|    -|
|Expression           |        -|     -|        0|        2|    -|
|FIFO                 |        -|     -|      133|       73|    -|
|Instance             |        -|    10|     2594|     2194|    -|
|Memory               |        -|     -|        -|        -|    -|
|Multiplexer          |        -|     -|        -|        -|    -|
|Register             |        -|     -|        -|        -|    -|
+---------------------+---------+------+---------+---------+-----+
|Total                |        0|    10|     2727|     2269|    0|
+---------------------+---------+------+---------+---------+-----+
|Available SLR        |     1344|  3008|   869120|   434560|  320|
+---------------------+---------+------+---------+---------+-----+
|Utilization SLR (%)  |        0|    ~0|       ~0|       ~0|    0|
+---------------------+---------+------+---------+---------+-----+
|Available            |     4032|  9024|  2607360|  1303680|  960|
+---------------------+---------+------+---------+---------+-----+
|Utilization (%)      |        0|    ~0|       ~0|       ~0|    0|
+---------------------+---------+------+---------+---------+-----+

+ Detail: 
    * Instance: 
    +-----------+--------+---------+----+------+------+-----+
    |  Instance | Module | BRAM_18K| DSP|  FF  |  LUT | URAM|
    +-----------+--------+---------+----+------+------+-----+
    |adds_3_U0  |adds_3  |        0|   4|  1759|  1340|    0|
    |muls_2_U0  |muls_2  |        0|   6|   835|   854|    0|
    +-----------+--------+---------+----+------+------+-----+
    |Total      |        |        0|  10|  2594|  2194|    0|
    +-----------+--------+---------+----+------+------+-----+

    * DSP: 
    N/A

    * Memory: 
    N/A

    * FIFO: 
    +---------+---------+-----+----+-----+------+-----+---------+
    |   Name  | BRAM_18K|  FF | LUT| URAM| Depth| Bits| Size:D*B|
    +---------+---------+-----+----+-----+------+-----+---------+
    |l_mul_U  |        0|  133|   0|    -|     2|   64|      128|
    +---------+---------+-----+----+-----+------+-----+---------+
    |Total    |        0|  133|   0|    0|     2|   64|      128|
    +---------+---------+-----+----+-----+------+-----+---------+

    * Expression: 
    +--------------+----------+----+---+----+------------+------------+
    | Variable Name| Operation| DSP| FF| LUT| Bitwidth P0| Bitwidth P1|
    +--------------+----------+----+---+----+------------+------------+
    |ap_idle       |       and|   0|  0|   2|           1|           1|
    +--------------+----------+----+---+----+------------+------------+
    |Total         |          |   0|  0|   2|           1|           1|
    +--------------+----------+----+---+----+------------+------------+

    * Multiplexer: 
    N/A

    * Register: 
    N/A



================================================================
== Interface
================================================================
* Summary: 
+-------------------+-----+-----+------------+--------------+--------------+
|     RTL Ports     | Dir | Bits|  Protocol  | Source Object|    C Type    |
+-------------------+-----+-----+------------+--------------+--------------+
|l_dataA_1_dout     |   in|   34|     ap_fifo|     l_dataA_1|       pointer|
|l_dataA_1_empty_n  |   in|    1|     ap_fifo|     l_dataA_1|       pointer|
|l_dataA_1_read     |  out|    1|     ap_fifo|     l_dataA_1|       pointer|
|l_dataB_1_dout     |   in|   64|     ap_fifo|     l_dataB_1|       pointer|
|l_dataB_1_empty_n  |   in|    1|     ap_fifo|     l_dataB_1|       pointer|
|l_dataB_1_read     |  out|    1|     ap_fifo|     l_dataB_1|       pointer|
|l_sum_1_din        |  out|   64|     ap_fifo|       l_sum_1|       pointer|
|l_sum_1_full_n     |   in|    1|     ap_fifo|       l_sum_1|       pointer|
|l_sum_1_write      |  out|    1|     ap_fifo|       l_sum_1|       pointer|
|ap_clk             |   in|    1|  ap_ctrl_hs|        macs.1|  return value|
|ap_rst             |   in|    1|  ap_ctrl_hs|        macs.1|  return value|
|ap_start           |   in|    1|  ap_ctrl_hs|        macs.1|  return value|
|ap_done            |  out|    1|  ap_ctrl_hs|        macs.1|  return value|
|ap_ready           |  out|    1|  ap_ctrl_hs|        macs.1|  return value|
|ap_idle            |  out|    1|  ap_ctrl_hs|        macs.1|  return value|
|ap_continue        |   in|    1|  ap_ctrl_hs|        macs.1|  return value|
+-------------------+-----+-----+------------+--------------+--------------+

