

================================================================
== Vitis HLS Report for 'tagAB_Pipeline_VITIS_LOOP_271_1_VITIS_LOOP_272_2'
================================================================
* Date:           Mon Jun 12 16:50:43 2023

* Version:        2022.2 (Build 3670227 on Oct 13 2022)
* Project:        cemit_replaced
* Solution:       solution (Vitis Kernel Flow Target)
* Product family: virtexuplus
* Target device:  xcu280-fsvh2892-2L-e


================================================================
== Performance Estimates
================================================================
+ Timing: 
    * Summary: 
    +--------+---------+----------+------------+
    |  Clock |  Target | Estimated| Uncertainty|
    +--------+---------+----------+------------+
    |ap_clk  |  3.33 ns|  2.433 ns|     0.90 ns|
    +--------+---------+----------+------------+

+ Latency: 
    * Summary: 
    +---------+---------+----------+----------+------+------+---------+
    |  Latency (cycles) |  Latency (absolute) |   Interval  | Pipeline|
    |   min   |   max   |    min   |    max   |  min |  max |   Type  |
    +---------+---------+----------+----------+------+------+---------+
    |     2050|     2050|  6.833 us|  6.833 us|  2050|  2050|       no|
    +---------+---------+----------+----------+------+------+---------+

    + Detail: 
        * Instance: 
        N/A

        * Loop: 
        +-------------------------------------+---------+---------+----------+-----------+-----------+------+----------+
        |                                     |  Latency (cycles) | Iteration|  Initiation Interval  | Trip |          |
        |              Loop Name              |   min   |   max   |  Latency |  achieved |   target  | Count| Pipelined|
        +-------------------------------------+---------+---------+----------+-----------+-----------+------+----------+
        |- VITIS_LOOP_271_1_VITIS_LOOP_272_2  |     2048|     2048|         2|          1|          1|  2048|       yes|
        +-------------------------------------+---------+---------+----------+-----------+-----------+------+----------+



================================================================
== Utilization Estimates
================================================================
* Summary: 
+---------------------+---------+------+---------+---------+-----+
|         Name        | BRAM_18K|  DSP |    FF   |   LUT   | URAM|
+---------------------+---------+------+---------+---------+-----+
|DSP                  |        -|     -|        -|        -|    -|
|Expression           |        -|     -|        0|       89|    -|
|FIFO                 |        -|     -|        -|        -|    -|
|Instance             |        -|     -|        -|        -|    -|
|Memory               |        -|     -|        -|        -|    -|
|Multiplexer          |        -|     -|        -|       90|    -|
|Register             |        -|     -|       37|        -|    -|
+---------------------+---------+------+---------+---------+-----+
|Total                |        0|     0|       37|      179|    0|
+---------------------+---------+------+---------+---------+-----+
|Available SLR        |     1344|  3008|   869120|   434560|  320|
+---------------------+---------+------+---------+---------+-----+
|Utilization SLR (%)  |        0|     0|       ~0|       ~0|    0|
+---------------------+---------+------+---------+---------+-----+
|Available            |     4032|  9024|  2607360|  1303680|  960|
+---------------------+---------+------+---------+---------+-----+
|Utilization (%)      |        0|     0|       ~0|       ~0|    0|
+---------------------+---------+------+---------+---------+-----+

+ Detail: 
    * Instance: 
    N/A

    * DSP: 
    N/A

    * Memory: 
    N/A

    * FIFO: 
    N/A

    * Expression: 
    +----------------------------------+----------+----+---+----+------------+------------+
    |           Variable Name          | Operation| DSP| FF| LUT| Bitwidth P0| Bitwidth P1|
    +----------------------------------+----------+----+---+----+------------+------------+
    |add_ln271_fu_108_p2               |         +|   0|  0|  19|          12|           1|
    |k_1_fu_131_p2                     |         +|   0|  0|  18|          11|           1|
    |ap_block_pp0_stage0_01001         |       and|   0|  0|   2|           1|           1|
    |icmp_ln271_fu_102_p2              |      icmp|   0|  0|  12|          12|          13|
    |icmp_ln272_fu_117_p2              |      icmp|   0|  0|  12|          11|          12|
    |l_flush_fu_147_p2                 |      icmp|   0|  0|  11|          11|           1|
    |ap_block_state2_pp0_stage0_iter1  |        or|   0|  0|   2|           1|           1|
    |select_ln271_fu_123_p3            |    select|   0|  0|  11|           1|           1|
    |ap_enable_pp0                     |       xor|   0|  0|   2|           1|           2|
    +----------------------------------+----------+----+---+----+------------+------------+
    |Total                             |          |   0|  0|  89|          61|          33|
    +----------------------------------+----------+----+---+----+------------+------------+

    * Multiplexer: 
    +--------------------------------------+----+-----------+-----+-----------+
    |                 Name                 | LUT| Input Size| Bits| Total Bits|
    +--------------------------------------+----+-----------+-----+-----------+
    |ap_done_int                           |   9|          2|    1|          2|
    |ap_enable_reg_pp0_iter1               |   9|          2|    1|          2|
    |ap_sig_allocacmp_indvar_flatten_load  |   9|          2|   12|         24|
    |ap_sig_allocacmp_k_load               |   9|          2|   11|         22|
    |indvar_flatten_fu_58                  |   9|          2|   12|         24|
    |k_fu_54                               |   9|          2|   11|         22|
    |l_aStr1_blk_n                         |   9|          2|    1|          2|
    |l_bStr2_blk_n                         |   9|          2|    1|          2|
    |l_strA4_i_blk_n                       |   9|          2|    1|          2|
    |l_strB5_i_blk_n                       |   9|          2|    1|          2|
    +--------------------------------------+----+-----------+-----+-----------+
    |Total                                 |  90|         20|   52|        104|
    +--------------------------------------+----+-----------+-----+-----------+

    * Register: 
    +-------------------------+----+----+-----+-----------+
    |           Name          | FF | LUT| Bits| Const Bits|
    +-------------------------+----+----+-----+-----------+
    |ap_CS_fsm                |   1|   0|    1|          0|
    |ap_done_reg              |   1|   0|    1|          0|
    |ap_enable_reg_pp0_iter1  |   1|   0|    1|          0|
    |indvar_flatten_fu_58     |  12|   0|   12|          0|
    |k_fu_54                  |  11|   0|   11|          0|
    |select_ln271_reg_180     |  11|   0|   11|          0|
    +-------------------------+----+----+-----+-----------+
    |Total                    |  37|   0|   37|          0|
    +-------------------------+----+----+-----+-----------+



================================================================
== Interface
================================================================
* Summary: 
+------------------------+-----+-----+------------+--------------------------------------------------+--------------+
|        RTL Ports       | Dir | Bits|  Protocol  |                   Source Object                  |    C Type    |
+------------------------+-----+-----+------------+--------------------------------------------------+--------------+
|ap_clk                  |   in|    1|  ap_ctrl_hs|  tagAB_Pipeline_VITIS_LOOP_271_1_VITIS_LOOP_272_2|  return value|
|ap_rst                  |   in|    1|  ap_ctrl_hs|  tagAB_Pipeline_VITIS_LOOP_271_1_VITIS_LOOP_272_2|  return value|
|ap_start                |   in|    1|  ap_ctrl_hs|  tagAB_Pipeline_VITIS_LOOP_271_1_VITIS_LOOP_272_2|  return value|
|ap_done                 |  out|    1|  ap_ctrl_hs|  tagAB_Pipeline_VITIS_LOOP_271_1_VITIS_LOOP_272_2|  return value|
|ap_idle                 |  out|    1|  ap_ctrl_hs|  tagAB_Pipeline_VITIS_LOOP_271_1_VITIS_LOOP_272_2|  return value|
|ap_ready                |  out|    1|  ap_ctrl_hs|  tagAB_Pipeline_VITIS_LOOP_271_1_VITIS_LOOP_272_2|  return value|
|l_strA4_i_dout          |   in|   64|     ap_fifo|                                         l_strA4_i|       pointer|
|l_strA4_i_empty_n       |   in|    1|     ap_fifo|                                         l_strA4_i|       pointer|
|l_strA4_i_read          |  out|    1|     ap_fifo|                                         l_strA4_i|       pointer|
|l_strB5_i_dout          |   in|   64|     ap_fifo|                                         l_strB5_i|       pointer|
|l_strB5_i_empty_n       |   in|    1|     ap_fifo|                                         l_strB5_i|       pointer|
|l_strB5_i_read          |  out|    1|     ap_fifo|                                         l_strB5_i|       pointer|
|l_aStr1_din             |  out|   66|     ap_fifo|                                           l_aStr1|       pointer|
|l_aStr1_num_data_valid  |   in|    2|     ap_fifo|                                           l_aStr1|       pointer|
|l_aStr1_fifo_cap        |   in|    2|     ap_fifo|                                           l_aStr1|       pointer|
|l_aStr1_full_n          |   in|    1|     ap_fifo|                                           l_aStr1|       pointer|
|l_aStr1_write           |  out|    1|     ap_fifo|                                           l_aStr1|       pointer|
|l_bStr2_din             |  out|   64|     ap_fifo|                                           l_bStr2|       pointer|
|l_bStr2_num_data_valid  |   in|    2|     ap_fifo|                                           l_bStr2|       pointer|
|l_bStr2_fifo_cap        |   in|    2|     ap_fifo|                                           l_bStr2|       pointer|
|l_bStr2_full_n          |   in|    1|     ap_fifo|                                           l_bStr2|       pointer|
|l_bStr2_write           |  out|    1|     ap_fifo|                                           l_bStr2|       pointer|
+------------------------+-----+-----+------------+--------------------------------------------------+--------------+

